/home/runner/work/security-starter/security-starter/src/main/java/com/forward/freight/securitystarter/jwt/config/JwtConfiguration.java
/home/runner/work/security-starter/security-starter/src/main/java/com/forward/freight/securitystarter/jwt/PlatformSecurityAutoConfiguration.java
/home/runner/work/security-starter/security-starter/src/main/java/com/forward/freight/securitystarter/jwt/filter/AwsCognitoIdTokenProvider.java
/home/runner/work/security-starter/security-starter/src/main/java/com/forward/freight/securitystarter/jwt/UserAuthenticationToken.java
/home/runner/work/security-starter/security-starter/src/main/java/com/forward/freight/securitystarter/jwt/SecurityConfig.java
/home/runner/work/security-starter/security-starter/src/main/java/com/forward/freight/securitystarter/jwt/controller/UserController.java
/home/runner/work/security-starter/security-starter/src/main/java/com/forward/freight/securitystarter/jwt/service/UserService.java
/home/runner/work/security-starter/security-starter/src/main/java/com/forward/freight/securitystarter/jwt/service/PrincipalService.java
/home/runner/work/security-starter/security-starter/src/main/java/com/forward/freight/securitystarter/jwt/model/UserData.java
/home/runner/work/security-starter/security-starter/src/main/java/com/forward/freight/securitystarter/jwt/filter/AwsCognitoJwtAuthenticationFilter.java
