/Users/Oleksandr_Onopriienko/Desktop/forwardfreight/security-starter/src/main/java/com/forward/freight/securitystarter/jwt/PlatformSecurityAutoConfiguration.java
/Users/Oleksandr_Onopriienko/Desktop/forwardfreight/security-starter/src/main/java/com/forward/freight/securitystarter/jwt/filter/AwsCognitoJwtAuthenticationFilter.java
/Users/Oleksandr_Onopriienko/Desktop/forwardfreight/security-starter/src/main/java/com/forward/freight/securitystarter/jwt/SecurityConfig.java
/Users/Oleksandr_Onopriienko/Desktop/forwardfreight/security-starter/src/main/java/com/forward/freight/securitystarter/jwt/config/JwtConfiguration.java
/Users/Oleksandr_Onopriienko/Desktop/forwardfreight/security-starter/src/main/java/com/forward/freight/securitystarter/jwt/filter/AwsCognitoIdTokenProvider.java
/Users/Oleksandr_Onopriienko/Desktop/forwardfreight/security-starter/src/main/java/com/forward/freight/securitystarter/jwt/UserAuthenticationToken.java
/Users/Oleksandr_Onopriienko/Desktop/forwardfreight/security-starter/src/main/java/com/forward/freight/securitystarter/jwt/service/PrincipalService.java
